Archive member included to satisfy reference by file (symbol)

C:/ST/STM32CubeIDE_1.16.1/STM32CubeIDE/plugins/com.st.stm32cube.ide.mcu.externaltools.gnu-tools-for-stm32.12.3.rel1.win32_1.1.0.202410251130/tools/bin/../lib/gcc/arm-none-eabi/12.3.1/../../../../arm-none-eabi/lib/thumb/v7e-m+fp/hard\libc_nano.a(libc_a-exit.o)
                              C:/ST/STM32CubeIDE_1.16.1/STM32CubeIDE/plugins/com.st.stm32cube.ide.mcu.externaltools.gnu-tools-for-stm32.12.3.rel1.win32_1.1.0.202410251130/tools/bin/../lib/gcc/arm-none-eabi/12.3.1/../../../../arm-none-eabi/lib/thumb/v7e-m+fp/hard/crt0.o (exit)
C:/ST/STM32CubeIDE_1.16.1/STM32CubeIDE/plugins/com.st.stm32cube.ide.mcu.externaltools.gnu-tools-for-stm32.12.3.rel1.win32_1.1.0.202410251130/tools/bin/../lib/gcc/arm-none-eabi/12.3.1/../../../../arm-none-eabi/lib/thumb/v7e-m+fp/hard\libc_nano.a(libc_a-findfp.o)
                              C:/ST/STM32CubeIDE_1.16.1/STM32CubeIDE/plugins/com.st.stm32cube.ide.mcu.externaltools.gnu-tools-for-stm32.12.3.rel1.win32_1.1.0.202410251130/tools/bin/../lib/gcc/arm-none-eabi/12.3.1/../../../../arm-none-eabi/lib/thumb/v7e-m+fp/hard\libc_nano.a(libc_a-exit.o) (__stdio_exit_handler)
C:/ST/STM32CubeIDE_1.16.1/STM32CubeIDE/plugins/com.st.stm32cube.ide.mcu.externaltools.gnu-tools-for-stm32.12.3.rel1.win32_1.1.0.202410251130/tools/bin/../lib/gcc/arm-none-eabi/12.3.1/../../../../arm-none-eabi/lib/thumb/v7e-m+fp/hard\libc_nano.a(libc_a-fwalk.o)
                              C:/ST/STM32CubeIDE_1.16.1/STM32CubeIDE/plugins/com.st.stm32cube.ide.mcu.externaltools.gnu-tools-for-stm32.12.3.rel1.win32_1.1.0.202410251130/tools/bin/../lib/gcc/arm-none-eabi/12.3.1/../../../../arm-none-eabi/lib/thumb/v7e-m+fp/hard\libc_nano.a(libc_a-findfp.o) (_fwalk_sglue)
C:/ST/STM32CubeIDE_1.16.1/STM32CubeIDE/plugins/com.st.stm32cube.ide.mcu.externaltools.gnu-tools-for-stm32.12.3.rel1.win32_1.1.0.202410251130/tools/bin/../lib/gcc/arm-none-eabi/12.3.1/../../../../arm-none-eabi/lib/thumb/v7e-m+fp/hard\libc_nano.a(libc_a-stdio.o)
                              C:/ST/STM32CubeIDE_1.16.1/STM32CubeIDE/plugins/com.st.stm32cube.ide.mcu.externaltools.gnu-tools-for-stm32.12.3.rel1.win32_1.1.0.202410251130/tools/bin/../lib/gcc/arm-none-eabi/12.3.1/../../../../arm-none-eabi/lib/thumb/v7e-m+fp/hard\libc_nano.a(libc_a-findfp.o) (__sread)
C:/ST/STM32CubeIDE_1.16.1/STM32CubeIDE/plugins/com.st.stm32cube.ide.mcu.externaltools.gnu-tools-for-stm32.12.3.rel1.win32_1.1.0.202410251130/tools/bin/../lib/gcc/arm-none-eabi/12.3.1/../../../../arm-none-eabi/lib/thumb/v7e-m+fp/hard\libc_nano.a(libc_a-memset.o)
                              C:/ST/STM32CubeIDE_1.16.1/STM32CubeIDE/plugins/com.st.stm32cube.ide.mcu.externaltools.gnu-tools-for-stm32.12.3.rel1.win32_1.1.0.202410251130/tools/bin/../lib/gcc/arm-none-eabi/12.3.1/../../../../arm-none-eabi/lib/thumb/v7e-m+fp/hard/crt0.o (memset)
C:/ST/STM32CubeIDE_1.16.1/STM32CubeIDE/plugins/com.st.stm32cube.ide.mcu.externaltools.gnu-tools-for-stm32.12.3.rel1.win32_1.1.0.202410251130/tools/bin/../lib/gcc/arm-none-eabi/12.3.1/../../../../arm-none-eabi/lib/thumb/v7e-m+fp/hard\libc_nano.a(libc_a-closer.o)
                              C:/ST/STM32CubeIDE_1.16.1/STM32CubeIDE/plugins/com.st.stm32cube.ide.mcu.externaltools.gnu-tools-for-stm32.12.3.rel1.win32_1.1.0.202410251130/tools/bin/../lib/gcc/arm-none-eabi/12.3.1/../../../../arm-none-eabi/lib/thumb/v7e-m+fp/hard\libc_nano.a(libc_a-stdio.o) (_close_r)
C:/ST/STM32CubeIDE_1.16.1/STM32CubeIDE/plugins/com.st.stm32cube.ide.mcu.externaltools.gnu-tools-for-stm32.12.3.rel1.win32_1.1.0.202410251130/tools/bin/../lib/gcc/arm-none-eabi/12.3.1/../../../../arm-none-eabi/lib/thumb/v7e-m+fp/hard\libc_nano.a(libc_a-reent.o)
                              C:/ST/STM32CubeIDE_1.16.1/STM32CubeIDE/plugins/com.st.stm32cube.ide.mcu.externaltools.gnu-tools-for-stm32.12.3.rel1.win32_1.1.0.202410251130/tools/bin/../lib/gcc/arm-none-eabi/12.3.1/../../../../arm-none-eabi/lib/thumb/v7e-m+fp/hard\libc_nano.a(libc_a-closer.o) (errno)
C:/ST/STM32CubeIDE_1.16.1/STM32CubeIDE/plugins/com.st.stm32cube.ide.mcu.externaltools.gnu-tools-for-stm32.12.3.rel1.win32_1.1.0.202410251130/tools/bin/../lib/gcc/arm-none-eabi/12.3.1/../../../../arm-none-eabi/lib/thumb/v7e-m+fp/hard\libc_nano.a(libc_a-impure.o)
                              C:/ST/STM32CubeIDE_1.16.1/STM32CubeIDE/plugins/com.st.stm32cube.ide.mcu.externaltools.gnu-tools-for-stm32.12.3.rel1.win32_1.1.0.202410251130/tools/bin/../lib/gcc/arm-none-eabi/12.3.1/../../../../arm-none-eabi/lib/thumb/v7e-m+fp/hard\libc_nano.a(libc_a-reent.o) (_impure_ptr)
C:/ST/STM32CubeIDE_1.16.1/STM32CubeIDE/plugins/com.st.stm32cube.ide.mcu.externaltools.gnu-tools-for-stm32.12.3.rel1.win32_1.1.0.202410251130/tools/bin/../lib/gcc/arm-none-eabi/12.3.1/../../../../arm-none-eabi/lib/thumb/v7e-m+fp/hard\libc_nano.a(libc_a-lseekr.o)
[...]
Memory Configuration

Name             Origin             Length             Attributes
RAM              0x20000000         0x00008000         xrw
RAM2             0x10000000         0x00002000         xrw
FLASH            0x08000000         0x00020000         xr
*default*        0x00000000         0xffffffff

Linker script and memory map

LOAD C:/ST/STM32CubeIDE_1.16.1/STM32CubeIDE/plugins/com.st.stm32cube.ide.mcu.externaltools.gnu-tools-for-stm32.12.3.rel1.win32_1.1.0.202410251130/tools/bin/../lib/gcc/arm-none-eabi/12.3.1/thumb/v7e-m+fp/hard/crti.o
LOAD C:/ST/STM32CubeIDE_1.16.1/STM32CubeIDE/plugins/com.st.stm32cube.ide.mcu.externaltools.gnu-tools-for-stm32.12.3.rel1.win32_1.1.0.202410251130/tools/bin/../lib/gcc/arm-none-eabi/12.3.1/thumb/v7e-m+fp/hard/crtbegin.o
LOAD C:/ST/STM32CubeIDE_1.16.1/STM32CubeIDE/plugins/com.st.stm32cube.ide.mcu.externaltools.gnu-tools-for-stm32.12.3.rel1.win32_1.1.0.202410251130/tools/bin/../lib/gcc/arm-none-eabi/12.3.1/../../../../arm-none-eabi/lib/thumb/v7e-m+fp/hard/crt0.o
LOAD ./Core/Src/display.o
LOAD ./Core/Src/main.o
LOAD ./Core/Src/stm32l4xx_hal_msp.o
LOAD ./Core/Src/stm32l4xx_it.o
LOAD ./Core/Src/syscalls.o
LOAD ./Core/Src/sysmem.o
LOAD ./Core/Src/system_stm32l4xx.o
LOAD ./Core/Startup/startup_stm32l412kbux.o
LOAD ./Drivers/Display/Src/ssd1306.o
LOAD ./Drivers/Display/Src/ssd1306_fonts.o
LOAD ./Drivers/STM32L4xx_HAL_Driver/Src/stm32l4xx_hal.o
LOAD ./Drivers/STM32L4xx_HAL_Driver/Src/stm32l4xx_hal_cortex.o
LOAD ./Drivers/STM32L4xx_HAL_Driver/Src/stm32l4xx_hal_dma.o
LOAD ./Drivers/STM32L4xx_HAL_Driver/Src/stm32l4xx_hal_dma_ex.o
LOAD ./Drivers/STM32L4xx_HAL_Driver/Src/stm32l4xx_hal_exti.o
LOAD ./Drivers/STM32L4xx_HAL_Driver/Src/stm32l4xx_hal_flash.o
LOAD ./Drivers/STM32L4xx_HAL_Driver/Src/stm32l4xx_hal_flash_ex.o
LOAD ./Drivers/STM32L4xx_HAL_Driver/Src/stm32l4xx_hal_flash_ramfunc.o
LOAD ./Drivers/STM32L4xx_HAL_Driver/Src/stm32l4xx_hal_gpio.o
LOAD ./Drivers/STM32L4xx_HAL_Driver/Src/stm32l4xx_hal_i2c.o
LOAD ./Drivers/STM32L4xx_HAL_Driver/Src/stm32l4xx_hal_i2c_ex.o
LOAD ./Drivers/STM32L4xx_HAL_Driver/Src/stm32l4xx_hal_pwr.o
LOAD ./Drivers/STM32L4xx_HAL_Driver/Src/stm32l4xx_hal_pwr_ex.o
LOAD ./Drivers/STM32L4xx_HAL_Driver/Src/stm32l4xx_hal_rcc.o
LOAD ./Drivers/STM32L4xx_HAL_Driver/Src/stm32l4xx_hal_rcc_ex.o
LOAD ./Drivers/STM32L4xx_HAL_Driver/Src/stm32l4xx_hal_uart.o
LOAD ./Drivers/STM32L4xx_HAL_Driver/Src/stm32l4xx_hal_uart_ex.o
START GROUP
LOAD C:/ST/STM32CubeIDE_1.16.1/STM32CubeIDE/plugins/com.st.stm32cube.ide.mcu.externaltools.gnu-tools-for-stm32.12.3.rel1.win32_1.1.0.202410251130/tools/bin/../lib/gcc/arm-none-eabi/12.3.1/../../../../arm-none-eabi/lib/thumb/v7e-m+fp/hard\libc_nano.a
LOAD C:/ST/STM32CubeIDE_1.16.1/STM32CubeIDE/plugins/com.st.stm32cube.ide.mcu.externaltools.gnu-tools-for-stm32.12.3.rel1.win32_1.1.0.202410251130/tools/bin/../lib/gcc/arm-none-eabi/12.3.1/../../../../arm-none-eabi/lib/thumb/v7e-m+fp/hard\libm.a
END GROUP
START GROUP
LOAD C:/ST/STM32CubeIDE_1.16.1/STM32CubeIDE/plugins/com.st.stm32cube.ide.mcu.externaltools.gnu-tools-for-stm32.12.3.rel1.win32_1.1.0.202410251130/tools/bin/../lib/gcc/arm-none-eabi/12.3.1/thumb/v7e-m+fp/hard\libgcc.a
LOAD C:/ST/STM32CubeIDE_1.16.1/STM32CubeIDE/plugins/com.st.stm32cube.ide.mcu.externaltools.gnu-tools-for-stm32.12.3.rel1.win32_1.1.0.202410251130/tools/bin/../lib/gcc/arm-none-eabi/12.3.1/../../../../arm-none-eabi/lib/thumb/v7e-m+fp/hard\libc_nano.a
END GROUP
START GROUP
LOAD C:/ST/STM32CubeIDE_1.16.1/STM32CubeIDE/plugins/com.st.stm32cube.ide.mcu.externaltools.gnu-tools-for-stm32.12.3.rel1.win32_1.1.0.202410251130/tools/bin/../lib/gcc/arm-none-eabi/12.3.1/thumb/v7e-m+fp/hard\libgcc.a
LOAD C:/ST/STM32CubeIDE_1.16.1/STM32CubeIDE/plugins/com.st.stm32cube.ide.mcu.externaltools.gnu-tools-for-stm32.12.3.rel1.win32_1.1.0.202410251130/tools/bin/../lib/gcc/arm-none-eabi/12.3.1/../../../../arm-none-eabi/lib/thumb/v7e-m+fp/hard\libc_nano.a
LOAD C:/ST/STM32CubeIDE_1.16.1/STM32CubeIDE/plugins/com.st.stm32cube.ide.mcu.externaltools.gnu-tools-for-stm32.12.3.rel1.win32_1.1.0.202410251130/tools/bin/../lib/gcc/arm-none-eabi/12.3.1/../../../../arm-none-eabi/lib/thumb/v7e-m+fp/hard\libnosys.a
END GROUP
START GROUP
LOAD C:/ST/STM32CubeIDE_1.16.1/STM32CubeIDE/plugins/com.st.stm32cube.ide.mcu.externaltools.gnu-tools-for-stm32.12.3.rel1.win32_1.1.0.202410251130/tools/bin/../lib/gcc/arm-none-eabi/12.3.1/thumb/v7e-m+fp/hard\libgcc.a
LOAD C:/ST/STM32CubeIDE_1.16.1/STM32CubeIDE/plugins/com.st.stm32cube.ide.mcu.externaltools.gnu-tools-for-stm32.12.3.rel1.win32_1.1.0.202410251130/tools/bin/../lib/gcc/arm-none-eabi/12.3.1/../../../../arm-none-eabi/lib/thumb/v7e-m+fp/hard\libc_nano.a
LOAD C:/ST/STM32CubeIDE_1.16.1/STM32CubeIDE/plugins/com.st.stm32cube.ide.mcu.externaltools.gnu-tools-for-stm32.12.3.rel1.win32_1.1.0.202410251130/tools/bin/../lib/gcc/arm-none-eabi/12.3.1/../../../../arm-none-eabi/lib/thumb/v7e-m+fp/hard\libnosys.a
END GROUP
LOAD C:/ST/STM32CubeIDE_1.16.1/STM32CubeIDE/plugins/com.st.stm32cube.ide.mcu.externaltools.gnu-tools-for-stm32.12.3.rel1.win32_1.1.0.202410251130/tools/bin/../lib/gcc/arm-none-eabi/12.3.1/thumb/v7e-m+fp/hard/crtend.o
LOAD C:/ST/STM32CubeIDE_1.16.1/STM32CubeIDE/plugins/com.st.stm32cube.ide.mcu.externaltools.gnu-tools-for-stm32.12.3.rel1.win32_1.1.0.202410251130/tools/bin/../lib/gcc/arm-none-eabi/12.3.1/thumb/v7e-m+fp/hard/crtn.o
                0x20008000                        _estack = (ORIGIN (RAM) + LENGTH (RAM))
                0x00000200                        _Min_Heap_Size = 0x200
                0x00000400                        _Min_Stack_Size = 0x400

.isr_vector     0x08000000      0x18c
                0x08000000                        . = ALIGN (0x4)
 *(.isr_vector)
 .isr_vector    0x08000000      0x18c ./Core/Startup/startup_stm32l412kbux.o
                0x08000000                g_pfnVectors
                0x0800018c                        . = ALIGN (0x4)

.text           0x0800018c     0x3cc8
                0x0800018c                        . = ALIGN (0x4)
 *(.text)
 .text          0x0800018c       0x40 C:/ST/STM32CubeIDE_1.16.1/STM32CubeIDE/plugins/com.st.stm32cube.ide.mcu.externaltools.gnu-tools-for-stm32.12.3.rel1.win32_1.1.0.202410251130/tools/bin/../lib/gcc/arm-none-eabi/12.3.1/thumb/v7e-m+fp/hard/crtbegin.o
 .text          0x080001cc       0x30 C:/ST/STM32CubeIDE_1.16.1/STM32CubeIDE/plugins/com.st.stm32cube.ide.mcu.externaltools.gnu-tools-for-stm32.12.3.rel1.win32_1.1.0.202410251130/tools/bin/../lib/gcc/arm-none-eabi/12.3.1/thumb/v7e-m+fp/hard\libgcc.a(_aeabi_uldivmod.o)
                0x080001cc                __aeabi_uldivmod
 .text          0x080001fc      0x2bc C:/ST/STM32CubeIDE_1.16.1/STM32CubeIDE/plugins/com.st.stm32cube.ide.mcu.externaltools.gnu-tools-for-stm32.12.3.rel1.win32_1.1.0.202410251130/tools/bin/../lib/gcc/arm-none-eabi/12.3.1/thumb/v7e-m+fp/hard\libgcc.a(_udivmoddi4.o)
                0x080001fc                __udivmoddi4
 .text          0x080004b8        0x4 C:/ST/STM32CubeIDE_1.16.1/STM32CubeIDE/plugins/com.st.stm32cube.ide.mcu.externaltools.gnu-tools-for-stm32.12.3.rel1.win32_1.1.0.202410251130/tools/bin/../lib/gcc/arm-none-eabi/12.3.1/thumb/v7e-m+fp/hard\libgcc.a(_dvmd_tls.o)
                0x080004b8                __aeabi_idiv0
                0x080004b8                __aeabi_ldiv0
 *(.text*)
 .text.SRE_Display_Init
                0x080004bc       0x20 ./Core/Src/display.o
                0x080004bc                SRE_Display_Init
 .text.SRE_Display_Battery1
                0x080004dc      0x1f8 ./Core/Src/display.o
                0x080004dc                SRE_Display_Battery1
 .text.HAL_GPIO_EXTI_Callback
                0x080006d4       0x90 ./Core/Src/main.o
                0x080006d4                HAL_GPIO_EXTI_Callback
 .text.main     0x08000764       0x22 ./Core/Src/main.o
                0x08000764                main
 *fill*         0x08000786        0x2 
 .text.SystemClock_Config
                0x08000788       0xac ./Core/Src/main.o
                0x08000788                SystemClock_Config
 .text.MX_I2C1_Init
                0x08000834       0x80 ./Core/Src/main.o
 .text.MX_USART2_UART_Init
                0x080008b4       0x60 ./Core/Src/main.o
 .text.MX_GPIO_Init
                0x08000914       0xfc ./Core/Src/main.o
 .text.Error_Handler
                0x08000a10        0xc ./Core/Src/main.o
                0x08000a10                Error_Handler
 .text.HAL_MspInit
                0x08000a1c       0x48 ./Core/Src/stm32l4xx_hal_msp.o
                0x08000a1c                HAL_MspInit
 .text.HAL_I2C_MspInit
                0x08000a64       0xb0 ./Core/Src/stm32l4xx_hal_msp.o
                0x08000a64                HAL_I2C_MspInit
 .text.HAL_UART_MspInit
                0x08000b14       0xd4 ./Core/Src/stm32l4xx_hal_msp.o
                0x08000b14                HAL_UART_MspInit
 .text.NMI_Handler
                0x08000be8        0x8 ./Core/Src/stm32l4xx_it.o
                0x08000be8                NMI_Handler
 .text.HardFault_Handler
                0x08000bf0        0x8 ./Core/Src/stm32l4xx_it.o
                0x08000bf0                HardFault_Handler
 .text.MemManage_Handler
                0x08000bf8        0x8 ./Core/Src/stm32l4xx_it.o
                0x08000bf8                MemManage_Handler
 .text.BusFault_Handler
                0x08000c00        0x8 ./Core/Src/stm32l4xx_it.o
                0x08000c00                BusFault_Handler
 .text.UsageFault_Handler
                0x08000c08        0x8 ./Core/Src/stm32l4xx_it.o
                0x08000c08                UsageFault_Handler
 .text.SVC_Handler
                0x08000c10        0xe ./Core/Src/stm32l4xx_it.o
                0x08000c10                SVC_Handler
 .text.DebugMon_Handler
                0x08000c1e        0xe ./Core/Src/stm32l4xx_it.o
                0x08000c1e                DebugMon_Handler
 .text.PendSV_Handler
                0x08000c2c        0xe ./Core/Src/stm32l4xx_it.o
                0x08000c2c                PendSV_Handler
 .text.SysTick_Handler
                0x08000c3a        0xc ./Core/Src/stm32l4xx_it.o
                0x08000c3a                SysTick_Handler
 .text.EXTI4_IRQHandler
                0x08000c46        0xe ./Core/Src/stm32l4xx_it.o
                0x08000c46                EXTI4_IRQHandler
 .text.EXTI9_5_IRQHandler
                0x08000c54        0xe ./Core/Src/stm32l4xx_it.o
                0x08000c54                EXTI9_5_IRQHandler
 .text.EXTI15_10_IRQHandler
                0x08000c62       0x10 ./Core/Src/stm32l4xx_it.o
                0x08000c62                EXTI15_10_IRQHandler
 *fill*         0x08000c72        0x2 
 .text.SystemInit
                0x08000c74       0x24 ./Core/Src/system_stm32l4xx.o
                0x08000c74                SystemInit
 .text.Reset_Handler
                0x08000c98       0x50 ./Core/Startup/startup_stm32l412kbux.o
                0x08000c98                Reset_Handler
 .text.Default_Handler
                0x08000ce8        0x2 ./Core/Startup/startup_stm32l412kbux.o
                0x08000ce8                RTC_Alarm_IRQHandler
                0x08000ce8                EXTI2_IRQHandler
                0x08000ce8                TIM1_CC_IRQHandler
                0x08000ce8                TSC_IRQHandler
                0x08000ce8                TIM6_IRQHandler
                0x08000ce8                TAMP_STAMP_IRQHandler
                0x08000ce8                EXTI3_IRQHandler
                0x08000ce8                LPTIM2_IRQHandler
                0x08000ce8                I2C3_ER_IRQHandler
                0x08000ce8                EXTI0_IRQHandler
                0x08000ce8                I2C2_EV_IRQHandler
                0x08000ce8                FPU_IRQHandler
                0x08000ce8                TIM1_UP_TIM16_IRQHandler
                0x08000ce8                ADC1_2_IRQHandler
                0x08000ce8                SPI1_IRQHandler
                0x08000ce8                DMA2_Channel2_IRQHandler
                0x08000ce8                DMA1_Channel4_IRQHandler
                0x08000ce8                USART3_IRQHandler
                0x08000ce8                DMA1_Channel7_IRQHandler
                0x08000ce8                DMA2_Channel1_IRQHandler
                0x08000ce8                QUADSPI_IRQHandler
                0x08000ce8                I2C1_EV_IRQHandler
                0x08000ce8                DMA1_Channel6_IRQHandler
                0x08000ce8                DMA2_Channel4_IRQHandler
                0x08000ce8                RCC_IRQHandler
                0x08000ce8                TIM1_TRG_COM_IRQHandler
                0x08000ce8                DMA1_Channel1_IRQHandler
                0x08000ce8                Default_Handler
                0x08000ce8                DMA2_Channel7_IRQHandler
                0x08000ce8                I2C3_EV_IRQHandler
                0x08000ce8                USB_IRQHandler
                0x08000ce8                RTC_WKUP_IRQHandler
                0x08000ce8                PVD_PVM_IRQHandler
                0x08000ce8                SPI2_IRQHandler
                0x08000ce8                DMA2_Channel5_IRQHandler
                0x08000ce8                CRS_IRQHandler
                0x08000ce8                DMA1_Channel5_IRQHandler
                0x08000ce8                RNG_IRQHandler
                0x08000ce8                DMA1_Channel3_IRQHandler
                0x08000ce8                COMP_IRQHandler
                0x08000ce8                WWDG_IRQHandler
                0x08000ce8                LPUART1_IRQHandler
                0x08000ce8                DMA2_Channel6_IRQHandler
                0x08000ce8                TIM2_IRQHandler
                0x08000ce8                EXTI1_IRQHandler
                0x08000ce8                USART2_IRQHandler
                0x08000ce8                I2C2_ER_IRQHandler
                0x08000ce8                DMA1_Channel2_IRQHandler
                0x08000ce8                FLASH_IRQHandler
                0x08000ce8                USART1_IRQHandler
                0x08000ce8                I2C1_ER_IRQHandler
                0x08000ce8                LPTIM1_IRQHandler
                0x08000ce8                DMA2_Channel3_IRQHandler
                0x08000ce8                TIM1_BRK_TIM15_IRQHandler
 .text.ssd1306_Reset
                0x08000cea        0xe ./Drivers/Display/Src/ssd1306.o
                0x08000cea                ssd1306_Reset
 .text.ssd1306_WriteCommand
                0x08000cf8       0x30 ./Drivers/Display/Src/ssd1306.o
                0x08000cf8                ssd1306_WriteCommand
 .text.ssd1306_WriteData
                0x08000d28       0x34 ./Drivers/Display/Src/ssd1306.o
                0x08000d28                ssd1306_WriteData
 .text.ssd1306_Init
                0x08000d5c       0xd4 ./Drivers/Display/Src/ssd1306.o
                0x08000d5c                ssd1306_Init
 .text.ssd1306_Fill
                0x08000e30       0x30 ./Drivers/Display/Src/ssd1306.o
                0x08000e30                ssd1306_Fill
 .text.ssd1306_UpdateScreen
                0x08000e60       0x50 ./Drivers/Display/Src/ssd1306.o
                0x08000e60                ssd1306_UpdateScreen
 .text.ssd1306_DrawPixel
                0x08000eb0       0xa8 ./Drivers/Display/Src/ssd1306.o
                0x08000eb0                ssd1306_DrawPixel
 .text.ssd1306_WriteChar
                0x08000f58      0x120 ./Drivers/Display/Src/ssd1306.o
                0x08000f58                ssd1306_WriteChar
 .text.ssd1306_WriteString
                0x08001078       0x4c ./Drivers/Display/Src/ssd1306.o
                0x08001078                ssd1306_WriteString
 .text.ssd1306_SetCursor
                0x080010c4       0x30 ./Drivers/Display/Src/ssd1306.o
                0x080010c4                ssd1306_SetCursor
 .text.ssd1306_Line
                0x080010f4       0xd8 ./Drivers/Display/Src/ssd1306.o
                0x080010f4                ssd1306_Line
 .text.ssd1306_DrawRectangle
                0x080011cc       0x6e ./Drivers/Display/Src/ssd1306.o
                0x080011cc                ssd1306_DrawRectangle
 .text.ssd1306_FillRectangle
                0x0800123a       0x9c ./Drivers/Display/Src/ssd1306.o
                0x0800123a                ssd1306_FillRectangle
 .text.ssd1306_SetContrast
                0x080012d6       0x26 ./Drivers/Display/Src/ssd1306.o
                0x080012d6                ssd1306_SetContrast
 .text.ssd1306_SetDisplayOn
                0x080012fc       0x3c ./Drivers/Display/Src/ssd1306.o
                0x080012fc                ssd1306_SetDisplayOn
 .text.HAL_Init
                0x08001338       0x30 ./Drivers/STM32L4xx_HAL_Driver/Src/stm32l4xx_hal.o
                0x08001338                HAL_Init
 .text.HAL_InitTick
                0x08001368       0x78 ./Drivers/STM32L4xx_HAL_Driver/Src/stm32l4xx_hal.o
                0x08001368                HAL_InitTick
 .text.HAL_IncTick
                0x080013e0       0x28 ./Drivers/STM32L4xx_HAL_Driver/Src/stm32l4xx_hal.o
                0x080013e0                HAL_IncTick
 .text.HAL_GetTick
                0x08001408       0x18 ./Drivers/STM32L4xx_HAL_Driver/Src/stm32l4xx_hal.o
                0x08001408                HAL_GetTick
 .text.HAL_Delay
                0x08001420       0x48 ./Drivers/STM32L4xx_HAL_Driver/Src/stm32l4xx_hal.o
                0x08001420                HAL_Delay
 .text.__NVIC_SetPriorityGrouping
                0x08001468       0x48 ./Drivers/STM32L4xx_HAL_Driver/Src/stm32l4xx_hal_cortex.o
 .text.__NVIC_GetPriorityGrouping
                0x080014b0       0x1c ./Drivers/STM32L4xx_HAL_Driver/Src/stm32l4xx_hal_cortex.o
 .text.__NVIC_EnableIRQ
                0x080014cc       0x3c ./Drivers/STM32L4xx_HAL_Driver/Src/stm32l4xx_hal_cortex.o
 .text.__NVIC_SetPriority
                0x08001508       0x54 ./Drivers/STM32L4xx_HAL_Driver/Src/stm32l4xx_hal_cortex.o
 .text.NVIC_EncodePriority
                0x0800155c       0x66 ./Drivers/STM32L4xx_HAL_Driver/Src/stm32l4xx_hal_cortex.o
 *fill*         0x080015c2        0x2 
 .text.SysTick_Config
                0x080015c4       0x44 ./Drivers/STM32L4xx_HAL_Driver/Src/stm32l4xx_hal_cortex.o
 .text.HAL_NVIC_SetPriorityGrouping
                0x08001608       0x16 ./Drivers/STM32L4xx_HAL_Driver/Src/stm32l4xx_hal_cortex.o
                0x08001608                HAL_NVIC_SetPriorityGrouping
 .text.HAL_NVIC_SetPriority
                0x0800161e       0x38 ./Drivers/STM32L4xx_HAL_Driver/Src/stm32l4xx_hal_cortex.o
                0x0800161e                HAL_NVIC_SetPriority
 .text.HAL_NVIC_EnableIRQ
                0x08001656       0x1c ./Drivers/STM32L4xx_HAL_Driver/Src/stm32l4xx_hal_cortex.o
                0x08001656                HAL_NVIC_EnableIRQ
 .text.HAL_SYSTICK_Config
                0x08001672       0x18 ./Drivers/STM32L4xx_HAL_Driver/Src/stm32l4xx_hal_cortex.o
                0x08001672                HAL_SYSTICK_Config
 *fill*         0x0800168a        0x2 
 .text.HAL_GPIO_Init
                0x0800168c      0x2e4 ./Drivers/STM32L4xx_HAL_Driver/Src/stm32l4xx_hal_gpio.o
                0x0800168c                HAL_GPIO_Init
 .text.HAL_GPIO_WritePin
                0x08001970       0x30 ./Drivers/STM32L4xx_HAL_Driver/Src/stm32l4xx_hal_gpio.o
                0x08001970                HAL_GPIO_WritePin
 .text.HAL_GPIO_EXTI_IRQHandler
                0x080019a0       0x30 ./Drivers/STM32L4xx_HAL_Driver/Src/stm32l4xx_hal_gpio.o
                0x080019a0                HAL_GPIO_EXTI_IRQHandler
 .text.HAL_I2C_Init
                0x080019d0      0x136 ./Drivers/STM32L4xx_HAL_Driver/Src/stm32l4xx_hal_i2c.o
                0x080019d0                HAL_I2C_Init
 *fill*         0x08001b06        0x2 
 .text.HAL_I2C_Mem_Write
                0x08001b08      0x228 ./Drivers/STM32L4xx_HAL_Driver/Src/stm32l4xx_hal_i2c.o
                0x08001b08                HAL_I2C_Mem_Write
 .text.I2C_RequestMemoryWrite
                0x08001d30       0xa8 ./Drivers/STM32L4xx_HAL_Driver/Src/stm32l4xx_hal_i2c.o
 .text.I2C_Flush_TXDR
                0x08001dd8       0x48 ./Drivers/STM32L4xx_HAL_Driver/Src/stm32l4xx_hal_i2c.o
 .text.I2C_WaitOnFlagUntilTimeout
                0x08001e20       0xb2 ./Drivers/STM32L4xx_HAL_Driver/Src/stm32l4xx_hal_i2c.o
 .text.I2C_WaitOnTXISFlagUntilTimeout
                0x08001ed2       0x8e ./Drivers/STM32L4xx_HAL_Driver/Src/stm32l4xx_hal_i2c.o
 .text.I2C_WaitOnSTOPFlagUntilTimeout
                0x08001f60       0x86 ./Drivers/STM32L4xx_HAL_Driver/Src/stm32l4xx_hal_i2c.o
 *fill*         0x08001fe6        0x2 
 .text.I2C_IsErrorOccurred
                0x08001fe8      0x1c0 ./Drivers/STM32L4xx_HAL_Driver/Src/stm32l4xx_hal_i2c.o
 .text.I2C_TransferConfig
                0x080021a8       0x64 ./Drivers/STM32L4xx_HAL_Driver/Src/stm32l4xx_hal_i2c.o
 .text.HAL_I2CEx_ConfigAnalogFilter
                0x0800220c       0x96 ./Drivers/STM32L4xx_HAL_Driver/Src/stm32l4xx_hal_i2c_ex.o
                0x0800220c                HAL_I2CEx_ConfigAnalogFilter
 .text.HAL_I2CEx_ConfigDigitalFilter
                0x080022a2       0x98 ./Drivers/STM32L4xx_HAL_Driver/Src/stm32l4xx_hal_i2c_ex.o
                0x080022a2                HAL_I2CEx_ConfigDigitalFilter
 *fill*         0x0800233a        0x2 
 .text.HAL_PWR_EnableBkUpAccess
                0x0800233c       0x20 ./Drivers/STM32L4xx_HAL_Driver/Src/stm32l4xx_hal_pwr.o
                0x0800233c                HAL_PWR_EnableBkUpAccess
 .text.HAL_PWREx_GetVoltageRange
                0x0800235c       0x1c ./Drivers/STM32L4xx_HAL_Driver/Src/stm32l4xx_hal_pwr_ex.o
                0x0800235c                HAL_PWREx_GetVoltageRange
 .text.HAL_PWREx_ControlVoltageScaling
                0x08002378       0xac ./Drivers/STM32L4xx_HAL_Driver/Src/stm32l4xx_hal_pwr_ex.o
                0x08002378                HAL_PWREx_ControlVoltageScaling
 .text.HAL_RCC_OscConfig
                0x08002424      0x8c4 ./Drivers/STM32L4xx_HAL_Driver/Src/stm32l4xx_hal_rcc.o
                0x08002424                HAL_RCC_OscConfig
 .text.HAL_RCC_ClockConfig
                0x08002ce8      0x200 ./Drivers/STM32L4xx_HAL_Driver/Src/stm32l4xx_hal_rcc.o
                0x08002ce8                HAL_RCC_ClockConfig
 .text.HAL_RCC_GetSysClockFreq
                0x08002ee8      0x118 ./Drivers/STM32L4xx_HAL_Driver/Src/stm32l4xx_hal_rcc.o
                0x08002ee8                HAL_RCC_GetSysClockFreq
 .text.HAL_RCC_GetHCLKFreq
                0x08003000       0x18 ./Drivers/STM32L4xx_HAL_Driver/Src/stm32l4xx_hal_rcc.o
                0x08003000                HAL_RCC_GetHCLKFreq
 .text.HAL_RCC_GetPCLK1Freq
                0x08003018       0x2c ./Drivers/STM32L4xx_HAL_Driver/Src/stm32l4xx_hal_rcc.o
                0x08003018                HAL_RCC_GetPCLK1Freq
 .text.HAL_RCC_GetPCLK2Freq
                0x08003044       0x2c ./Drivers/STM32L4xx_HAL_Driver/Src/stm32l4xx_hal_rcc.o
                0x08003044                HAL_RCC_GetPCLK2Freq
 .text.RCC_SetFlashLatencyFromMSIRange
                0x08003070       0xc0 ./Drivers/STM32L4xx_HAL_Driver/Src/stm32l4xx_hal_rcc.o
 .text.HAL_RCCEx_PeriphCLKConfig
                0x08003130      0x30c ./Drivers/STM32L4xx_HAL_Driver/Src/stm32l4xx_hal_rcc_ex.o
                0x08003130                HAL_RCCEx_PeriphCLKConfig
 .text.HAL_RCCEx_EnableMSIPLLMode
                0x0800343c       0x20 ./Drivers/STM32L4xx_HAL_Driver/Src/stm32l4xx_hal_rcc_ex.o
                0x0800343c                HAL_RCCEx_EnableMSIPLLMode
 .text.HAL_UART_Init
                0x0800345c       0x9c ./Drivers/STM32L4xx_HAL_Driver/Src/stm32l4xx_hal_uart.o
                0x0800345c                HAL_UART_Init
 .text.UART_SetConfig
                0x080034f8      0x4b4 ./Drivers/STM32L4xx_HAL_Driver/Src/stm32l4xx_hal_uart.o
                0x080034f8                UART_SetConfig
 .text.UART_AdvFeatureConfig
                0x080039ac      0x144 ./Drivers/STM32L4xx_HAL_Driver/Src/stm32l4xx_hal_uart.o
                0x080039ac                UART_AdvFeatureConfig
 .text.UART_CheckIdleState
                0x08003af0      0x150 ./Drivers/STM32L4xx_HAL_Driver/Src/stm32l4xx_hal_uart.o
                0x08003af0                UART_CheckIdleState
 .text.UART_WaitOnFlagUntilTimeout
                0x08003c40       0xda ./Drivers/STM32L4xx_HAL_Driver/Src/stm32l4xx_hal_uart.o
                0x08003c40                UART_WaitOnFlagUntilTimeout
 .text.UART_EndRxTransfer
                0x08003d1a       0xc8 ./Drivers/STM32L4xx_HAL_Driver/Src/stm32l4xx_hal_uart.o
 .text.memset   0x08003de2       0x10 C:/ST/STM32CubeIDE_1.16.1/STM32CubeIDE/plugins/com.st.stm32cube.ide.mcu.externaltools.gnu-tools-for-stm32.12.3.rel1.win32_1.1.0.202410251130/tools/bin/../lib/gcc/arm-none-eabi/12.3.1/../../../../arm-none-eabi/lib/thumb/v7e-m+fp/hard\libc_nano.a(libc_a-memset.o)
                0x08003de2                memset
 *fill*         0x08003df2        0x2 
 .text.__libc_init_array
                0x08003df4       0x48 C:/ST/STM32CubeIDE_1.16.1/STM32CubeIDE/plugins/com.st.stm32cube.ide.mcu.externaltools.gnu-tools-for-stm32.12.3.rel1.win32_1.1.0.202410251130/tools/bin/../lib/gcc/arm-none-eabi/12.3.1/../../../../arm-none-eabi/lib/thumb/v7e-m+fp/hard\libc_nano.a(libc_a-init.o)
                0x08003df4                __libc_init_array
 *(.glue_7)
 .glue_7        0x08003e3c        0x0 linker stubs
 *(.glue_7t)
 .glue_7t       0x08003e3c        0x0 linker stubs
 *(.eh_frame)
 .eh_frame      0x08003e3c        0x0 C:/ST/STM32CubeIDE_1.16.1/STM32CubeIDE/plugins/com.st.stm32cube.ide.mcu.externaltools.gnu-tools-for-stm32.12.3.rel1.win32_1.1.0.202410251130/tools/bin/../lib/gcc/arm-none-eabi/12.3.1/thumb/v7e-m+fp/hard/crtbegin.o
 *(.init)
 .init          0x08003e3c        0x4 C:/ST/STM32CubeIDE_1.16.1/STM32CubeIDE/plugins/com.st.stm32cube.ide.mcu.externaltools.gnu-tools-for-stm32.12.3.rel1.win32_1.1.0.202410251130/tools/bin/../lib/gcc/arm-none-eabi/12.3.1/thumb/v7e-m+fp/hard/crti.o
                0x08003e3c                _init
 .init          0x08003e40        0x8 C:/ST/STM32CubeIDE_1.16.1/STM32CubeIDE/plugins/com.st.stm32cube.ide.mcu.externaltools.gnu-tools-for-stm32.12.3.rel1.win32_1.1.0.202410251130/tools/bin/../lib/gcc/arm-none-eabi/12.3.1/thumb/v7e-m+fp/hard/crtn.o
 *(.fini)
 .fini          0x08003e48        0x4 C:/ST/STM32CubeIDE_1.16.1/STM32CubeIDE/plugins/com.st.stm32cube.ide.mcu.externaltools.gnu-tools-for-stm32.12.3.rel1.win32_1.1.0.202410251130/tools/bin/../lib/gcc/arm-none-eabi/12.3.1/thumb/v7e-m+fp/hard/crti.o
                0x08003e48                _fini
 .fini          0x08003e4c        0x8 C:/ST/STM32CubeIDE_1.16.1/STM32CubeIDE/plugins/com.st.stm32cube.ide.mcu.externaltools.gnu-tools-for-stm32.12.3.rel1.win32_1.1.0.202410251130/tools/bin/../lib/gcc/arm-none-eabi/12.3.1/thumb/v7e-m+fp/hard/crtn.o
                0x08003e54                        . = ALIGN (0x4)
                0x08003e54                        _etext = .

.vfp11_veneer   0x08003e54        0x0
 .vfp11_veneer  0x08003e54        0x0 linker stubs

.v4_bx          0x08003e54        0x0
 .v4_bx         0x08003e54        0x0 linker stubs

.iplt           0x08003e54        0x0
 .iplt          0x08003e54        0x0 C:/ST/STM32CubeIDE_1.16.1/STM32CubeIDE/plugins/com.st.stm32cube.ide.mcu.externaltools.gnu-tools-for-stm32.12.3.rel1.win32_1.1.0.202410251130/tools/bin/../lib/gcc/arm-none-eabi/12.3.1/thumb/v7e-m+fp/hard/crtbegin.o

.rodata         0x08003e54      0x6a4
                0x08003e54                        . = ALIGN (0x4)
 *(.rodata)
 .rodata        0x08003e54       0x5e ./Core/Src/display.o
 *(.rodata*)
 *fill*         0x08003eb2        0x2 
 .rodata.AHBPrescTable
                0x08003eb4       0x10 ./Core/Src/system_stm32l4xx.o
                0x08003eb4                AHBPrescTable
 .rodata.APBPrescTable
                0x08003ec4        0x8 ./Core/Src/system_stm32l4xx.o
                0x08003ec4                APBPrescTable
 .rodata.MSIRangeTable
                0x08003ecc       0x30 ./Core/Src/system_stm32l4xx.o
                0x08003ecc                MSIRangeTable
 .rodata.Font6x8
                0x08003efc      0x5f0 ./Drivers/Display/Src/ssd1306_fonts.o
 .rodata.Font_6x8
                0x080044ec        0xc ./Drivers/Display/Src/ssd1306_fonts.o
                0x080044ec                Font_6x8
                0x080044f8                        . = ALIGN (0x4)

.ARM.extab      0x080044f8        0x0
                0x080044f8                        . = ALIGN (0x4)
 *(.ARM.extab* .gnu.linkonce.armextab.*)
                0x080044f8                        . = ALIGN (0x4)

.ARM            0x080044f8        0x8
                0x080044f8                        . = ALIGN (0x4)
                0x080044f8                        __exidx_start = .
 *(.ARM.exidx*)
 .ARM.exidx     0x080044f8        0x8 C:/ST/STM32CubeIDE_1.16.1/STM32CubeIDE/plugins/com.st.stm32cube.ide.mcu.externaltools.gnu-tools-for-stm32.12.3.rel1.win32_1.1.0.202410251130/tools/bin/../lib/gcc/arm-none-eabi/12.3.1/thumb/v7e-m+fp/hard\libgcc.a(_udivmoddi4.o)
                0x08004500                        __exidx_end = .
                0x08004500                        . = ALIGN (0x4)

.preinit_array  0x08004500        0x0
                0x08004500                        . = ALIGN (0x4)
                0x08004500                        PROVIDE (__preinit_array_start = .)
 *(.preinit_array*)
                0x08004500                        PROVIDE (__preinit_array_end = .)
                0x08004500                        . = ALIGN (0x4)

.init_array     0x08004500        0x4
                0x08004500                        . = ALIGN (0x4)
                0x08004500                        PROVIDE (__init_array_start = .)
 *(SORT_BY_NAME(.init_array.*))
 *(.init_array*)
 .init_array    0x08004500        0x4 C:/ST/STM32CubeIDE_1.16.1/STM32CubeIDE/plugins/com.st.stm32cube.ide.mcu.externaltools.gnu-tools-for-stm32.12.3.rel1.win32_1.1.0.202410251130/tools/bin/../lib/gcc/arm-none-eabi/12.3.1/thumb/v7e-m+fp/hard/crtbegin.o
                0x08004504                        PROVIDE (__init_array_end = .)
                0x08004504                        . = ALIGN (0x4)

.fini_array     0x08004504        0x4
                0x08004504                        . = ALIGN (0x4)
                [!provide]                        PROVIDE (__fini_array_start = .)
 *(SORT_BY_NAME(.fini_array.*))
 *(.fini_array*)
 .fini_array    0x08004504        0x4 C:/ST/STM32CubeIDE_1.16.1/STM32CubeIDE/plugins/com.st.stm32cube.ide.mcu.externaltools.gnu-tools-for-stm32.12.3.rel1.win32_1.1.0.202410251130/tools/bin/../lib/gcc/arm-none-eabi/12.3.1/thumb/v7e-m+fp/hard/crtbegin.o
                [!provide]                        PROVIDE (__fini_array_end = .)
                0x08004508                        . = ALIGN (0x4)
                0x08004508                        _sidata = LOADADDR (.data)

.rel.dyn        0x08004508        0x0
 .rel.iplt      0x08004508        0x0 C:/ST/STM32CubeIDE_1.16.1/STM32CubeIDE/plugins/com.st.stm32cube.ide.mcu.externaltools.gnu-tools-for-stm32.12.3.rel1.win32_1.1.0.202410251130/tools/bin/../lib/gcc/arm-none-eabi/12.3.1/thumb/v7e-m+fp/hard/crtbegin.o

.data           0x20000000        0xc load address 0x08004508
                0x20000000                        . = ALIGN (0x4)
                0x20000000                        _sdata = .
 *(.data)
 *(.data*)
 .data.SystemCoreClock
                0x20000000        0x4 ./Core/Src/system_stm32l4xx.o
                0x20000000                SystemCoreClock
 .data.uwTickPrio
                0x20000004        0x4 ./Drivers/STM32L4xx_HAL_Driver/Src/stm32l4xx_hal.o
                0x20000004                uwTickPrio
 .data.uwTickFreq
                0x20000008        0x1 ./Drivers/STM32L4xx_HAL_Driver/Src/stm32l4xx_hal.o
                0x20000008                uwTickFreq
 *(.RamFunc)
 *(.RamFunc*)
                0x2000000c                        . = ALIGN (0x4)
 *fill*         0x20000009        0x3 
                0x2000000c                        _edata = .

.igot.plt       0x2000000c        0x0 load address 0x08004514
 .igot.plt      0x2000000c        0x0 C:/ST/STM32CubeIDE_1.16.1/STM32CubeIDE/plugins/com.st.stm32cube.ide.mcu.externaltools.gnu-tools-for-stm32.12.3.rel1.win32_1.1.0.202410251130/tools/bin/../lib/gcc/arm-none-eabi/12.3.1/thumb/v7e-m+fp/hard/crtbegin.o
                0x2000000c                        . = ALIGN (0x4)

.bss            0x2000000c      0x514 load address 0x08004514
                0x2000000c                        _sbss = .
                0x2000000c                        __bss_start__ = _sbss
 *(.bss)
 .bss           0x2000000c       0x1c C:/ST/STM32CubeIDE_1.16.1/STM32CubeIDE/plugins/com.st.stm32cube.ide.mcu.externaltools.gnu-tools-for-stm32.12.3.rel1.win32_1.1.0.202410251130/tools/bin/../lib/gcc/arm-none-eabi/12.3.1/thumb/v7e-m+fp/hard/crtbegin.o
 *(.bss*)
 .bss.hi2c1     0x20000028       0x54 ./Core/Src/main.o
                0x20000028                hi2c1
 .bss.huart2    0x2000007c       0x88 ./Core/Src/main.o
                0x2000007c                huart2
 .bss.selectedButton
                0x20000104        0x4 ./Core/Src/main.o
                0x20000104                selectedButton
 .bss.selectPressed
                0x20000108        0x1 ./Core/Src/main.o
                0x20000108                selectPressed
 *fill*         0x20000109        0x3 
 .bss.currentTime
                0x2000010c        0x4 ./Core/Src/main.o
                0x2000010c                currentTime
 .bss.previousTime
                0x20000110        0x4 ./Core/Src/main.o
                0x20000110                previousTime
 .bss.SSD1306_Buffer
                0x20000114      0x400 ./Drivers/Display/Src/ssd1306.o
 .bss.SSD1306   0x20000514        0x6 ./Drivers/Display/Src/ssd1306.o
 *fill*         0x2000051a        0x2 
 .bss.uwTick    0x2000051c        0x4 ./Drivers/STM32L4xx_HAL_Driver/Src/stm32l4xx_hal.o
                0x2000051c                uwTick
 *(COMMON)
                0x20000520                        . = ALIGN (0x4)
                0x20000520                        _ebss = .
                0x20000520                        __bss_end__ = _ebss

._user_heap_stack
                0x20000520      0x600 load address 0x08004514
                0x20000520                        . = ALIGN (0x8)
                [!provide]                        PROVIDE (end = .)
                0x20000520                        PROVIDE (_end = .)
                0x20000720                        . = (. + _Min_Heap_Size)
 *fill*         0x20000520      0x200 
                0x20000b20                        . = (. + _Min_Stack_Size)
 *fill*         0x20000720      0x400 
                0x20000b20                        . = ALIGN (0x8)

/DISCARD/
 libc.a(*)
 libm.a(*)
 libgcc.a(*)

.ARM.attributes
                0x00000000       0x30
 *(.ARM.attributes)
 .ARM.attributes
                0x00000000       0x22 C:/ST/STM32CubeIDE_1.16.1/STM32CubeIDE/plugins/com.st.stm32cube.ide.mcu.externaltools.gnu-tools-for-stm32.12.3.rel1.win32_1.1.0.202410251130/tools/bin/../lib/gcc/arm-none-eabi/12.3.1/thumb/v7e-m+fp/hard/crti.o
 .ARM.attributes
                0x00000022       0x34 C:/ST/STM32CubeIDE_1.16.1/STM32CubeIDE/plugins/com.st.stm32cube.ide.mcu.externaltools.gnu-tools-for-stm32.12.3.rel1.win32_1.1.0.202410251130/tools/bin/../lib/gcc/arm-none-eabi/12.3.1/thumb/v7e-m+fp/hard/crtbegin.o
 .ARM.attributes
                0x00000056       0x34 ./Core/Src/display.o
 .ARM.attributes
                0x0000008a       0x34 ./Core/Src/main.o
 .ARM.attributes
                0x000000be       0x34 ./Core/Src/stm32l4xx_hal_msp.o
 .ARM.attributes
                0x000000f2       0x34 ./Core/Src/stm32l4xx_it.o
 .ARM.attributes
                0x00000126       0x34 ./Core/Src/system_stm32l4xx.o
 .ARM.attributes
                0x0000015a       0x21 ./Core/Startup/startup_stm32l412kbux.o
 .ARM.attributes
                0x0000017b       0x34 ./Drivers/Display/Src/ssd1306.o
 .ARM.attributes
                0x000001af       0x34 ./Drivers/Display/Src/ssd1306_fonts.o
 .ARM.attributes
                0x000001e3       0x34 ./Drivers/STM32L4xx_HAL_Driver/Src/stm32l4xx_hal.o
 .ARM.attributes
                0x00000217       0x34 ./Drivers/STM32L4xx_HAL_Driver/Src/stm32l4xx_hal_cortex.o
 .ARM.attributes
                0x0000024b       0x34 ./Drivers/STM32L4xx_HAL_Driver/Src/stm32l4xx_hal_gpio.o
 .ARM.attributes
                0x0000027f       0x34 ./Drivers/STM32L4xx_HAL_Driver/Src/stm32l4xx_hal_i2c.o
 .ARM.attributes
                0x000002b3       0x34 ./Drivers/STM32L4xx_HAL_Driver/Src/stm32l4xx_hal_i2c_ex.o
 .ARM.attributes
                0x000002e7       0x34 ./Drivers/STM32L4xx_HAL_Driver/Src/stm32l4xx_hal_pwr.o
 .ARM.attributes
                0x0000031b       0x34 ./Drivers/STM32L4xx_HAL_Driver/Src/stm32l4xx_hal_pwr_ex.o
 .ARM.attributes
                0x0000034f       0x34 ./Drivers/STM32L4xx_HAL_Driver/Src/stm32l4xx_hal_rcc.o
 .ARM.attributes
                0x00000383       0x34 ./Drivers/STM32L4xx_HAL_Driver/Src/stm32l4xx_hal_rcc_ex.o
 .ARM.attributes
                0x000003b7       0x34 ./Drivers/STM32L4xx_HAL_Driver/Src/stm32l4xx_hal_uart.o
 .ARM.attributes
                0x000003eb       0x34 C:/ST/STM32CubeIDE_1.16.1/STM32CubeIDE/plugins/com.st.stm32cube.ide.mcu.externaltools.gnu-tools-for-stm32.12.3.rel1.win32_1.1.0.202410251130/tools/bin/../lib/gcc/arm-none-eabi/12.3.1/../../../../arm-none-eabi/lib/thumb/v7e-m+fp/hard\libc_nano.a(libc_a-memset.o)
 .ARM.attributes
                0x0000041f       0x34 C:/ST/STM32CubeIDE_1.16.1/STM32CubeIDE/plugins/com.st.stm32cube.ide.mcu.externaltools.gnu-tools-for-stm32.12.3.rel1.win32_1.1.0.202410251130/tools/bin/../lib/gcc/arm-none-eabi/12.3.1/../../../../arm-none-eabi/lib/thumb/v7e-m+fp/hard\libc_nano.a(libc_a-init.o)
 .ARM.attributes
                0x00000453       0x22 C:/ST/STM32CubeIDE_1.16.1/STM32CubeIDE/plugins/com.st.stm32cube.ide.mcu.externaltools.gnu-tools-for-stm32.12.3.rel1.win32_1.1.0.202410251130/tools/bin/../lib/gcc/arm-none-eabi/12.3.1/thumb/v7e-m+fp/hard\libgcc.a(_aeabi_uldivmod.o)
 .ARM.attributes
                0x00000475       0x34 C:/ST/STM32CubeIDE_1.16.1/STM32CubeIDE/plugins/com.st.stm32cube.ide.mcu.externaltools.gnu-tools-for-stm32.12.3.rel1.win32_1.1.0.202410251130/tools/bin/../lib/gcc/arm-none-eabi/12.3.1/thumb/v7e-m+fp/hard\libgcc.a(_udivmoddi4.o)
 .ARM.attributes
                0x000004a9       0x22 C:/ST/STM32CubeIDE_1.16.1/STM32CubeIDE/plugins/com.st.stm32cube.ide.mcu.externaltools.gnu-tools-for-stm32.12.3.rel1.win32_1.1.0.202410251130/tools/bin/../lib/gcc/arm-none-eabi/12.3.1/thumb/v7e-m+fp/hard\libgcc.a(_dvmd_tls.o)
 .ARM.attributes
                0x000004cb       0x22 C:/ST/STM32CubeIDE_1.16.1/STM32CubeIDE/plugins/com.st.stm32cube.ide.mcu.externaltools.gnu-tools-for-stm32.12.3.rel1.win32_1.1.0.202410251130/tools/bin/../lib/gcc/arm-none-eabi/12.3.1/thumb/v7e-m+fp/hard/crtn.o
OUTPUT(Prototype_SR16-ChargingDash.elf elf32-littlearm)
LOAD linker stubs
LOAD C:/ST/STM32CubeIDE_1.16.1/STM32CubeIDE/plugins/com.st.stm32cube.ide.mcu.externaltools.gnu-tools-for-stm32.12.3.rel1.win32_1.1.0.202410251130/tools/bin/../lib/gcc/arm-none-eabi/12.3.1/../../../../arm-none-eabi/lib/thumb/v7e-m+fp/hard\libc.a
LOAD C:/ST/STM32CubeIDE_1.16.1/STM32CubeIDE/plugins/com.st.stm32cube.ide.mcu.externaltools.gnu-tools-for-stm32.12.3.rel1.win32_1.1.0.202410251130/tools/bin/../lib/gcc/arm-none-eabi/12.3.1/../../../../arm-none-eabi/lib/thumb/v7e-m+fp/hard\libm.a
LOAD C:/ST/STM32CubeIDE_1.16.1/STM32CubeIDE/plugins/com.st.stm32cube.ide.mcu.externaltools.gnu-tools-for-stm32.12.3.rel1.win32_1.1.0.202410251130/tools/bin/../lib/gcc/arm-none-eabi/12.3.1/thumb/v7e-m+fp/hard\libgcc.a

.debug_info     0x00000000     0xf075
 .debug_info    0x00000000      0x31b ./Core/Src/display.o
 .debug_info    0x0000031b     0x12d4 ./Core/Src/main.o
 .debug_info    0x000015ef      0xf36 ./Core/Src/stm32l4xx_hal_msp.o
 .debug_info    0x00002525      0x16c ./Core/Src/stm32l4xx_it.o
 .debug_info    0x00002691      0x5bf ./Core/Src/system_stm32l4xx.o
 .debug_info    0x00002c50       0x30 ./Core/Startup/startup_stm32l412kbux.o
 .debug_info    0x00002c80     0x1269 ./Drivers/Display/Src/ssd1306.o
 .debug_info    0x00003ee9      0x2a4 ./Drivers/Display/Src/ssd1306_fonts.o
 .debug_info    0x0000418d      0x984 ./Drivers/STM32L4xx_HAL_Driver/Src/stm32l4xx_hal.o
 .debug_info    0x00004b11      0xceb ./Drivers/STM32L4xx_HAL_Driver/Src/stm32l4xx_hal_cortex.o
 .debug_info    0x000057fc      0x757 ./Drivers/STM32L4xx_HAL_Driver/Src/stm32l4xx_hal_gpio.o
 .debug_info    0x00005f53     0x20d2 ./Drivers/STM32L4xx_HAL_Driver/Src/stm32l4xx_hal_i2c.o
 .debug_info    0x00008025      0x981 ./Drivers/STM32L4xx_HAL_Driver/Src/stm32l4xx_hal_i2c_ex.o
 .debug_info    0x000089a6      0x92c ./Drivers/STM32L4xx_HAL_Driver/Src/stm32l4xx_hal_pwr.o
 .debug_info    0x000092d2      0x968 ./Drivers/STM32L4xx_HAL_Driver/Src/stm32l4xx_hal_pwr_ex.o
 .debug_info    0x00009c3a      0xbe0 ./Drivers/STM32L4xx_HAL_Driver/Src/stm32l4xx_hal_rcc.o
 .debug_info    0x0000a81a      0xce4 ./Drivers/STM32L4xx_HAL_Driver/Src/stm32l4xx_hal_rcc_ex.o
 .debug_info    0x0000b4fe     0x3b77 ./Drivers/STM32L4xx_HAL_Driver/Src/stm32l4xx_hal_uart.o

.debug_abbrev   0x00000000     0x238c
 .debug_abbrev  0x00000000      0x17c ./Core/Src/display.o
 .debug_abbrev  0x0000017c      0x2e2 ./Core/Src/main.o
 .debug_abbrev  0x0000045e      0x1dd ./Core/Src/stm32l4xx_hal_msp.o
 .debug_abbrev  0x0000063b       0xa0 ./Core/Src/stm32l4xx_it.o
 .debug_abbrev  0x000006db      0x11a ./Core/Src/system_stm32l4xx.o
 .debug_abbrev  0x000007f5       0x24 ./Core/Startup/startup_stm32l412kbux.o
 .debug_abbrev  0x00000819      0x363 ./Drivers/Display/Src/ssd1306.o
 .debug_abbrev  0x00000b7c       0xcf ./Drivers/Display/Src/ssd1306_fonts.o
 .debug_abbrev  0x00000c4b      0x256 ./Drivers/STM32L4xx_HAL_Driver/Src/stm32l4xx_hal.o
 .debug_abbrev  0x00000ea1      0x31c ./Drivers/STM32L4xx_HAL_Driver/Src/stm32l4xx_hal_cortex.o
 .debug_abbrev  0x000011bd      0x1cb ./Drivers/STM32L4xx_HAL_Driver/Src/stm32l4xx_hal_gpio.o
 .debug_abbrev  0x00001388      0x261 ./Drivers/STM32L4xx_HAL_Driver/Src/stm32l4xx_hal_i2c.o
 .debug_abbrev  0x000015e9      0x1c3 ./Drivers/STM32L4xx_HAL_Driver/Src/stm32l4xx_hal_i2c_ex.o
 .debug_abbrev  0x000017ac      0x1d4 ./Drivers/STM32L4xx_HAL_Driver/Src/stm32l4xx_hal_pwr.o
 .debug_abbrev  0x00001980      0x1f9 ./Drivers/STM32L4xx_HAL_Driver/Src/stm32l4xx_hal_pwr_ex.o
 .debug_abbrev  0x00001b79      0x2d6 ./Drivers/STM32L4xx_HAL_Driver/Src/stm32l4xx_hal_rcc.o
 .debug_abbrev  0x00001e4f      0x26d ./Drivers/STM32L4xx_HAL_Driver/Src/stm32l4xx_hal_rcc_ex.o
 .debug_abbrev  0x000020bc      0x2d0 ./Drivers/STM32L4xx_HAL_Driver/Src/stm32l4xx_hal_uart.o

.debug_aranges  0x00000000      0xd68
 .debug_aranges
                0x00000000       0x38 ./Core/Src/display.o
 .debug_aranges
                0x00000038       0x50 ./Core/Src/main.o
 .debug_aranges
                0x00000088       0x40 ./Core/Src/stm32l4xx_hal_msp.o
 .debug_aranges
                0x000000c8       0x78 ./Core/Src/stm32l4xx_it.o
 .debug_aranges
                0x00000140       0x28 ./Core/Src/system_stm32l4xx.o
 .debug_aranges
                0x00000168       0x28 ./Core/Startup/startup_stm32l412kbux.o
 .debug_aranges
                0x00000190       0xe8 ./Drivers/Display/Src/ssd1306.o
 .debug_aranges
                0x00000278       0x18 ./Drivers/Display/Src/ssd1306_fonts.o
 .debug_aranges
                0x00000290      0x108 ./Drivers/STM32L4xx_HAL_Driver/Src/stm32l4xx_hal.o
 .debug_aranges
                0x00000398      0x128 ./Drivers/STM32L4xx_HAL_Driver/Src/stm32l4xx_hal_cortex.o
 .debug_aranges
                0x000004c0       0x58 ./Drivers/STM32L4xx_HAL_Driver/Src/stm32l4xx_hal_gpio.o
 .debug_aranges
                0x00000518      0x2a0 ./Drivers/STM32L4xx_HAL_Driver/Src/stm32l4xx_hal_i2c.o
 .debug_aranges
                0x000007b8       0x48 ./Drivers/STM32L4xx_HAL_Driver/Src/stm32l4xx_hal_i2c_ex.o
 .debug_aranges
                0x00000800       0x98 ./Drivers/STM32L4xx_HAL_Driver/Src/stm32l4xx_hal_pwr.o
 .debug_aranges
                0x00000898      0x148 ./Drivers/STM32L4xx_HAL_Driver/Src/stm32l4xx_hal_pwr_ex.o
 .debug_aranges
                0x000009e0       0x90 ./Drivers/STM32L4xx_HAL_Driver/Src/stm32l4xx_hal_rcc.o
 .debug_aranges
                0x00000a70       0xd0 ./Drivers/STM32L4xx_HAL_Driver/Src/stm32l4xx_hal_rcc_ex.o
 .debug_aranges
                0x00000b40      0x228 ./Drivers/STM32L4xx_HAL_Driver/Src/stm32l4xx_hal_uart.o

.debug_rnglists
                0x00000000      0xa4d
 .debug_rnglists
                0x00000000       0x26 ./Core/Src/display.o
 .debug_rnglists
                0x00000026       0x3b ./Core/Src/main.o
 .debug_rnglists
                0x00000061       0x2d ./Core/Src/stm32l4xx_hal_msp.o
 .debug_rnglists
                0x0000008e       0x55 ./Core/Src/stm32l4xx_it.o
 .debug_rnglists
                0x000000e3       0x1a ./Core/Src/system_stm32l4xx.o
 .debug_rnglists
                0x000000fd       0x19 ./Core/Startup/startup_stm32l412kbux.o
 .debug_rnglists
                0x00000116       0xb4 ./Drivers/Display/Src/ssd1306.o
 .debug_rnglists
                0x000001ca       0xc1 ./Drivers/STM32L4xx_HAL_Driver/Src/stm32l4xx_hal.o
 .debug_rnglists
                0x0000028b       0xda ./Drivers/STM32L4xx_HAL_Driver/Src/stm32l4xx_hal_cortex.o
 .debug_rnglists
                0x00000365       0x3f ./Drivers/STM32L4xx_HAL_Driver/Src/stm32l4xx_hal_gpio.o
 .debug_rnglists
                0x000003a4      0x228 ./Drivers/STM32L4xx_HAL_Driver/Src/stm32l4xx_hal_i2c.o
 .debug_rnglists
                0x000005cc       0x35 ./Drivers/STM32L4xx_HAL_Driver/Src/stm32l4xx_hal_i2c_ex.o
 .debug_rnglists
                0x00000601       0x6e ./Drivers/STM32L4xx_HAL_Driver/Src/stm32l4xx_hal_pwr.o
 .debug_rnglists
                0x0000066f       0xf7 ./Drivers/STM32L4xx_HAL_Driver/Src/stm32l4xx_hal_pwr_ex.o
 .debug_rnglists
                0x00000766       0x6d ./Drivers/STM32L4xx_HAL_Driver/Src/stm32l4xx_hal_rcc.o
 .debug_rnglists
                0x000007d3       0x9f ./Drivers/STM32L4xx_HAL_Driver/Src/stm32l4xx_hal_rcc_ex.o
 .debug_rnglists
                0x00000872      0x1db ./Drivers/STM32L4xx_HAL_Driver/Src/stm32l4xx_hal_uart.o

.debug_macro    0x00000000    0x19c52
 .debug_macro   0x00000000      0x231 ./Core/Src/display.o
 .debug_macro   0x00000231      0xab4 ./Core/Src/display.o
 .debug_macro   0x00000ce5       0x22 ./Core/Src/display.o
 .debug_macro   0x00000d07      0x189 ./Core/Src/display.o
 .debug_macro   0x00000e90       0x22 ./Core/Src/display.o
 .debug_macro   0x00000eb2       0x8e ./Core/Src/display.o
 .debug_macro   0x00000f40       0x51 ./Core/Src/display.o
 .debug_macro   0x00000f91      0x103 ./Core/Src/display.o
 .debug_macro   0x00001094       0x6a ./Core/Src/display.o
 .debug_macro   0x000010fe      0x1df ./Core/Src/display.o
 .debug_macro   0x000012dd       0x61 ./Core/Src/display.o
 .debug_macro   0x0000133e       0x2a ./Core/Src/display.o
 .debug_macro   0x00001368       0x43 ./Core/Src/display.o
 .debug_macro   0x000013ab       0x34 ./Core/Src/display.o
 .debug_macro   0x000013df       0x52 ./Core/Src/display.o
 .debug_macro   0x00001431      0x1a7 ./Core/Src/display.o
 .debug_macro   0x000015d8       0x28 ./Core/Src/display.o
 .debug_macro   0x00001600       0x28 ./Core/Src/display.o
 .debug_macro   0x00001628       0x1c ./Core/Src/display.o
 .debug_macro   0x00001644       0x22 ./Core/Src/display.o
 .debug_macro   0x00001666       0xfb ./Core/Src/display.o
 .debug_macro   0x00001761     0x1011 ./Core/Src/display.o
 .debug_macro   0x00002772      0x11f ./Core/Src/display.o
 .debug_macro   0x00002891     0xe4b1 ./Core/Src/display.o
 .debug_macro   0x00010d42       0x6d ./Core/Src/display.o
 .debug_macro   0x00010daf     0x38f4 ./Core/Src/display.o
 .debug_macro   0x000146a3       0x5c ./Core/Src/display.o
 .debug_macro   0x000146ff     0x105e ./Core/Src/display.o
 .debug_macro   0x0001575d      0x49b ./Core/Src/display.o
 .debug_macro   0x00015bf8      0x1b9 ./Core/Src/display.o
 .debug_macro   0x00015db1       0xd7 ./Core/Src/display.o
 .debug_macro   0x00015e88      0x26b ./Core/Src/display.o
 .debug_macro   0x000160f3      0x23d ./Core/Src/display.o
 .debug_macro   0x00016330      0x21c ./Core/Src/display.o
 .debug_macro   0x0001654c      0x375 ./Core/Src/display.o
 .debug_macro   0x000168c1       0xd6 ./Core/Src/display.o
 .debug_macro   0x00016997      0x22c ./Core/Src/display.o
 .debug_macro   0x00016bc3       0x61 ./Core/Src/display.o
 .debug_macro   0x00016c24       0xa5 ./Core/Src/display.o
 .debug_macro   0x00016cc9      0x122 ./Core/Src/display.o
 .debug_macro   0x00016deb      0x364 ./Core/Src/display.o
 .debug_macro   0x0001714f      0x5cf ./Core/Src/display.o
 .debug_macro   0x0001771e       0x44 ./Core/Src/display.o
 .debug_macro   0x00017762      0x220 ./Core/Src/display.o
 .debug_macro   0x00017982       0x40 ./Core/Src/display.o
 .debug_macro   0x000179c2      0x232 ./Core/Src/main.o
 .debug_macro   0x00017bf4       0x2e ./Core/Src/main.o
 .debug_macro   0x00017c22       0x40 ./Core/Src/main.o
 .debug_macro   0x00017c62      0x1d3 ./Core/Src/stm32l4xx_hal_msp.o
 .debug_macro   0x00017e35      0x1dd ./Core/Src/stm32l4xx_it.o
 .debug_macro   0x00018012      0x1c4 ./Core/Src/system_stm32l4xx.o
 .debug_macro   0x000181d6      0x2ef ./Drivers/Display/Src/ssd1306.o
 .debug_macro   0x000184c5      0x19b ./Drivers/Display/Src/ssd1306.o
 .debug_macro   0x00018660       0x16 ./Drivers/Display/Src/ssd1306.o
 .debug_macro   0x00018676       0x20 ./Drivers/Display/Src/ssd1306.o
 .debug_macro   0x00018696      0x21a ./Drivers/Display/Src/ssd1306_fonts.o
 .debug_macro   0x000188b0      0x20c ./Drivers/STM32L4xx_HAL_Driver/Src/stm32l4xx_hal.o
 .debug_macro   0x00018abc      0x1c4 ./Drivers/STM32L4xx_HAL_Driver/Src/stm32l4xx_hal_cortex.o
 .debug_macro   0x00018c80      0x1cb ./Drivers/STM32L4xx_HAL_Driver/Src/stm32l4xx_hal_gpio.o
 .debug_macro   0x00018e4b      0x290 ./Drivers/STM32L4xx_HAL_Driver/Src/stm32l4xx_hal_i2c.o
 .debug_macro   0x000190db      0x1c4 ./Drivers/STM32L4xx_HAL_Driver/Src/stm32l4xx_hal_i2c_ex.o
 .debug_macro   0x0001929f      0x1dc ./Drivers/STM32L4xx_HAL_Driver/Src/stm32l4xx_hal_pwr.o
 .debug_macro   0x0001947b      0x1e8 ./Drivers/STM32L4xx_HAL_Driver/Src/stm32l4xx_hal_pwr_ex.o
 .debug_macro   0x00019663      0x206 ./Drivers/STM32L4xx_HAL_Driver/Src/stm32l4xx_hal_rcc.o
 .debug_macro   0x00019869      0x1fa ./Drivers/STM32L4xx_HAL_Driver/Src/stm32l4xx_hal_rcc_ex.o
 .debug_macro   0x00019a63      0x1ef ./Drivers/STM32L4xx_HAL_Driver/Src/stm32l4xx_hal_uart.o

.debug_line     0x00000000    0x116aa
 .debug_line    0x00000000      0x979 ./Core/Src/display.o
 .debug_line    0x00000979      0xa68 ./Core/Src/main.o
 .debug_line    0x000013e1      0x820 ./Core/Src/stm32l4xx_hal_msp.o
 .debug_line    0x00001c01      0x85a ./Core/Src/stm32l4xx_it.o
 .debug_line    0x0000245b      0x7ea ./Core/Src/system_stm32l4xx.o
 .debug_line    0x00002c45       0x7a ./Core/Startup/startup_stm32l412kbux.o
 .debug_line    0x00002cbf     0x11f2 ./Drivers/Display/Src/ssd1306.o
 .debug_line    0x00003eb1      0x8af ./Drivers/Display/Src/ssd1306_fonts.o
 .debug_line    0x00004760      0xab2 ./Drivers/STM32L4xx_HAL_Driver/Src/stm32l4xx_hal.o
 .debug_line    0x00005212      0xd0e ./Drivers/STM32L4xx_HAL_Driver/Src/stm32l4xx_hal_cortex.o
 .debug_line    0x00005f20      0xb68 ./Drivers/STM32L4xx_HAL_Driver/Src/stm32l4xx_hal_gpio.o
 .debug_line    0x00006a88     0x3a78 ./Drivers/STM32L4xx_HAL_Driver/Src/stm32l4xx_hal_i2c.o
 .debug_line    0x0000a500      0x96d ./Drivers/STM32L4xx_HAL_Driver/Src/stm32l4xx_hal_i2c_ex.o
 .debug_line    0x0000ae6d      0x91c ./Drivers/STM32L4xx_HAL_Driver/Src/stm32l4xx_hal_pwr.o
 .debug_line    0x0000b789      0xca8 ./Drivers/STM32L4xx_HAL_Driver/Src/stm32l4xx_hal_pwr_ex.o
 .debug_line    0x0000c431     0x1049 ./Drivers/STM32L4xx_HAL_Driver/Src/stm32l4xx_hal_rcc.o
 .debug_line    0x0000d47a     0x1021 ./Drivers/STM32L4xx_HAL_Driver/Src/stm32l4xx_hal_rcc_ex.o
 .debug_line    0x0000e49b     0x320f ./Drivers/STM32L4xx_HAL_Driver/Src/stm32l4xx_hal_uart.o

.debug_str      0x00000000    0xa201b
 .debug_str     0x00000000    0x9a1ac ./Core/Src/display.o
                              0x9a480 (size before relaxing)
 .debug_str     0x0009a1ac      0xf0c ./Core/Src/main.o
                              0x9b347 (size before relaxing)
 .debug_str     0x0009b0b8      0x1d1 ./Core/Src/stm32l4xx_hal_msp.o
                              0x9a82e (size before relaxing)
 .debug_str     0x0009b289      0x11b ./Core/Src/stm32l4xx_it.o
                              0x99ec4 (size before relaxing)
 .debug_str     0x0009b3a4       0xf2 ./Core/Src/system_stm32l4xx.o
                              0x99f13 (size before relaxing)
 .debug_str     0x0009b496       0x44 ./Core/Startup/startup_stm32l412kbux.o
                                 0x92 (size before relaxing)
 .debug_str     0x0009b4da     0x3a98 ./Drivers/Display/Src/ssd1306.o
                              0x9e2d1 (size before relaxing)
 .debug_str     0x0009ef72       0x96 ./Drivers/Display/Src/ssd1306_fonts.o
                              0x9a339 (size before relaxing)
 .debug_str     0x0009f008      0x558 ./Drivers/STM32L4xx_HAL_Driver/Src/stm32l4xx_hal.o
                              0x9a86d (size before relaxing)
 .debug_str     0x0009f560      0x35f ./Drivers/STM32L4xx_HAL_Driver/Src/stm32l4xx_hal_cortex.o
                              0x9a642 (size before relaxing)
 .debug_str     0x0009f8bf       0xea ./Drivers/STM32L4xx_HAL_Driver/Src/stm32l4xx_hal_gpio.o
                              0x9a087 (size before relaxing)
 .debug_str     0x0009f9a9      0xdf3 ./Drivers/STM32L4xx_HAL_Driver/Src/stm32l4xx_hal_i2c.o
                              0x9b113 (size before relaxing)
 .debug_str     0x000a079c       0xb8 ./Drivers/STM32L4xx_HAL_Driver/Src/stm32l4xx_hal_i2c_ex.o
                              0x9a420 (size before relaxing)
 .debug_str     0x000a0854      0x333 ./Drivers/STM32L4xx_HAL_Driver/Src/stm32l4xx_hal_pwr.o
                              0x9a25d (size before relaxing)
 .debug_str     0x000a0b87      0x3db ./Drivers/STM32L4xx_HAL_Driver/Src/stm32l4xx_hal_pwr_ex.o
                              0x9a42f (size before relaxing)
 .debug_str     0x000a0f62      0x38b ./Drivers/STM32L4xx_HAL_Driver/Src/stm32l4xx_hal_rcc.o
                              0x9a51f (size before relaxing)
 .debug_str     0x000a12ed      0x461 ./Drivers/STM32L4xx_HAL_Driver/Src/stm32l4xx_hal_rcc_ex.o
                              0x9a666 (size before relaxing)
 .debug_str     0x000a174e      0x8cd ./Drivers/STM32L4xx_HAL_Driver/Src/stm32l4xx_hal_uart.o
                              0x9ac6b (size before relaxing)

.comment        0x00000000       0x86
 .comment       0x00000000       0x43 ./Core/Src/display.o
                                 0x44 (size before relaxing)
 .comment       0x00000043       0x44 ./Core/Src/main.o
 .comment       0x00000043       0x43 ./Core/Src/stm32l4xx_hal_msp.o
                                 0x44 (size before relaxing)
 .comment       0x00000086       0x44 ./Core/Src/stm32l4xx_it.o
 .comment       0x00000086       0x44 ./Core/Src/system_stm32l4xx.o
 .comment       0x00000086       0x44 ./Drivers/Display/Src/ssd1306.o
 .comment       0x00000086       0x44 ./Drivers/Display/Src/ssd1306_fonts.o
 .comment       0x00000086       0x44 ./Drivers/STM32L4xx_HAL_Driver/Src/stm32l4xx_hal.o
 .comment       0x00000086       0x44 ./Drivers/STM32L4xx_HAL_Driver/Src/stm32l4xx_hal_cortex.o
 .comment       0x00000086       0x44 ./Drivers/STM32L4xx_HAL_Driver/Src/stm32l4xx_hal_gpio.o
 .comment       0x00000086       0x44 ./Drivers/STM32L4xx_HAL_Driver/Src/stm32l4xx_hal_i2c.o
 .comment       0x00000086       0x44 ./Drivers/STM32L4xx_HAL_Driver/Src/stm32l4xx_hal_i2c_ex.o
 .comment       0x00000086       0x44 ./Drivers/STM32L4xx_HAL_Driver/Src/stm32l4xx_hal_pwr.o
 .comment       0x00000086       0x44 ./Drivers/STM32L4xx_HAL_Driver/Src/stm32l4xx_hal_pwr_ex.o
 .comment       0x00000086       0x44 ./Drivers/STM32L4xx_HAL_Driver/Src/stm32l4xx_hal_rcc.o
 .comment       0x00000086       0x44 ./Drivers/STM32L4xx_HAL_Driver/Src/stm32l4xx_hal_rcc_ex.o
 .comment       0x00000086       0x44 ./Drivers/STM32L4xx_HAL_Driver/Src/stm32l4xx_hal_uart.o

.debug_frame    0x00000000     0x3674
 .debug_frame   0x00000000       0x9c ./Core/Src/display.o
 .debug_frame   0x0000009c       0xe8 ./Core/Src/main.o
 .debug_frame   0x00000184       0xc8 ./Core/Src/stm32l4xx_hal_msp.o
 .debug_frame   0x0000024c      0x158 ./Core/Src/stm32l4xx_it.o
 .debug_frame   0x000003a4       0x58 ./Core/Src/system_stm32l4xx.o
 .debug_frame   0x000003fc      0x3e4 ./Drivers/Display/Src/ssd1306.o
 .debug_frame   0x000007e0      0x3dc ./Drivers/STM32L4xx_HAL_Driver/Src/stm32l4xx_hal.o
 .debug_frame   0x00000bbc      0x4e8 ./Drivers/STM32L4xx_HAL_Driver/Src/stm32l4xx_hal_cortex.o
 .debug_frame   0x000010a4      0x14c ./Drivers/STM32L4xx_HAL_Driver/Src/stm32l4xx_hal_gpio.o
 .debug_frame   0x000011f0      0xc38 ./Drivers/STM32L4xx_HAL_Driver/Src/stm32l4xx_hal_i2c.o
 .debug_frame   0x00001e28      0x100 ./Drivers/STM32L4xx_HAL_Driver/Src/stm32l4xx_hal_i2c_ex.o
 .debug_frame   0x00001f28      0x230 ./Drivers/STM32L4xx_HAL_Driver/Src/stm32l4xx_hal_pwr.o
 .debug_frame   0x00002158      0x524 ./Drivers/STM32L4xx_HAL_Driver/Src/stm32l4xx_hal_pwr_ex.o
 .debug_frame   0x0000267c      0x21c ./Drivers/STM32L4xx_HAL_Driver/Src/stm32l4xx_hal_rcc.o
 .debug_frame   0x00002898      0x33c ./Drivers/STM32L4xx_HAL_Driver/Src/stm32l4xx_hal_rcc_ex.o
 .debug_frame   0x00002bd4      0x9f4 ./Drivers/STM32L4xx_HAL_Driver/Src/stm32l4xx_hal_uart.o
 .debug_frame   0x000035c8       0x20 C:/ST/STM32CubeIDE_1.16.1/STM32CubeIDE/plugins/com.st.stm32cube.ide.mcu.externaltools.gnu-tools-for-stm32.12.3.rel1.win32_1.1.0.202410251130/tools/bin/../lib/gcc/arm-none-eabi/12.3.1/../../../../arm-none-eabi/lib/thumb/v7e-m+fp/hard\libc_nano.a(libc_a-memset.o)
 .debug_frame   0x000035e8       0x2c C:/ST/STM32CubeIDE_1.16.1/STM32CubeIDE/plugins/com.st.stm32cube.ide.mcu.externaltools.gnu-tools-for-stm32.12.3.rel1.win32_1.1.0.202410251130/tools/bin/../lib/gcc/arm-none-eabi/12.3.1/../../../../arm-none-eabi/lib/thumb/v7e-m+fp/hard\libc_nano.a(libc_a-init.o)
 .debug_frame   0x00003614       0x2c C:/ST/STM32CubeIDE_1.16.1/STM32CubeIDE/plugins/com.st.stm32cube.ide.mcu.externaltools.gnu-tools-for-stm32.12.3.rel1.win32_1.1.0.202410251130/tools/bin/../lib/gcc/arm-none-eabi/12.3.1/thumb/v7e-m+fp/hard\libgcc.a(_aeabi_uldivmod.o)
 .debug_frame   0x00003640       0x34 C:/ST/STM32CubeIDE_1.16.1/STM32CubeIDE/plugins/com.st.stm32cube.ide.mcu.externaltools.gnu-tools-for-stm32.12.3.rel1.win32_1.1.0.202410251130/tools/bin/../lib/gcc/arm-none-eabi/12.3.1/thumb/v7e-m+fp/hard\libgcc.a(_udivmoddi4.o)

.debug_line_str
                0x00000000       0x76
 .debug_line_str
                0x00000000       0x76 ./Core/Startup/startup_stm32l412kbux.o
